Command line invocation:
    /Applications/Xcode.app/Contents/Developer/usr/bin/xcodebuild -scheme SpaceSwitcher -destination platform=macOS build

--- xcodebuild: WARNING: Using the first of multiple matching destinations:
{ platform:macOS, arch:arm64, id:00006000-000208921EC3801E, name:My Mac }
{ platform:macOS, arch:x86_64, id:00006000-000208921EC3801E, name:My Mac }
ComputePackagePrebuildTargetDependencyGraph

Prepare packages

CreateBuildRequest

SendProjectDescription

CreateBuildOperation

ComputeTargetDependencyGraph
note: Building targets in dependency order
note: Target dependency graph (1 target)
    Target 'SpaceSwitcher' in project 'SpaceSwitcher' (no dependencies)

GatherProvisioningInputs

CreateBuildDescription

ExecuteExternalTool /Applications/Xcode.app/Contents/Developer/Toolchains/XcodeDefault.xctoolchain/usr/bin/clang -v -E -dM -isysroot /Applications/Xcode.app/Contents/Developer/Platforms/MacOSX.platform/Developer/SDKs/MacOSX26.0.sdk -x c -c /dev/null

ExecuteExternalTool /Applications/Xcode.app/Contents/Developer/usr/bin/actool --version --output-format xml1

ExecuteExternalTool /Applications/Xcode.app/Contents/Developer/usr/bin/xcstringstool compile --dry-run --output-directory /Users/michaelqiu/Library/Developer/Xcode/DerivedData/SpaceSwitcher-beofylnrmfidwsbvxicderipehuq/Build/Intermediates.noindex/SpaceSwitcher.build/Debug/SpaceSwitcher.build /Users/michaelqiu/Projects/03_App_macOS/SpaceSwitcher/SpaceSwitcher/Resources/Localizable.xcstrings

ExecuteExternalTool /Applications/Xcode.app/Contents/Developer/Toolchains/XcodeDefault.xctoolchain/usr/bin/swiftc --version

ExecuteExternalTool /Applications/Xcode.app/Contents/Developer/Toolchains/XcodeDefault.xctoolchain/usr/bin/ld -version_details

Build description signature: 787440a7a56526ca72a03b00a323d487
Build description path: /Users/michaelqiu/Library/Developer/Xcode/DerivedData/SpaceSwitcher-beofylnrmfidwsbvxicderipehuq/Build/Intermediates.noindex/XCBuildData/787440a7a56526ca72a03b00a323d487.xcbuilddata
ClangStatCache /Applications/Xcode.app/Contents/Developer/Toolchains/XcodeDefault.xctoolchain/usr/bin/clang-stat-cache /Applications/Xcode.app/Contents/Developer/Platforms/MacOSX.platform/Developer/SDKs/MacOSX26.0.sdk /Users/michaelqiu/Library/Developer/Xcode/DerivedData/SDKStatCaches.noindex/macosx26.0-25A352-3885c01c3e6b6a337905948deab2002e28806144b0707e398aac92880fa50324.sdkstatcache
    cd /Users/michaelqiu/Projects/03_App_macOS/SpaceSwitcher/SpaceSwitcher.xcodeproj
    /Applications/Xcode.app/Contents/Developer/Toolchains/XcodeDefault.xctoolchain/usr/bin/clang-stat-cache /Applications/Xcode.app/Contents/Developer/Platforms/MacOSX.platform/Developer/SDKs/MacOSX26.0.sdk -o /Users/michaelqiu/Library/Developer/Xcode/DerivedData/SDKStatCaches.noindex/macosx26.0-25A352-3885c01c3e6b6a337905948deab2002e28806144b0707e398aac92880fa50324.sdkstatcache

CompileXCStrings /Users/michaelqiu/Library/Developer/Xcode/DerivedData/SpaceSwitcher-beofylnrmfidwsbvxicderipehuq/Build/Intermediates.noindex/SpaceSwitcher.build/Debug/SpaceSwitcher.build/ /Users/michaelqiu/Projects/03_App_macOS/SpaceSwitcher/SpaceSwitcher/Resources/Localizable.xcstrings (in target 'SpaceSwitcher' from project 'SpaceSwitcher')
    cd /Users/michaelqiu/Projects/03_App_macOS/SpaceSwitcher
    /Applications/Xcode.app/Contents/Developer/usr/bin/xcstringstool compile --output-directory /Users/michaelqiu/Library/Developer/Xcode/DerivedData/SpaceSwitcher-beofylnrmfidwsbvxicderipehuq/Build/Intermediates.noindex/SpaceSwitcher.build/Debug/SpaceSwitcher.build /Users/michaelqiu/Projects/03_App_macOS/SpaceSwitcher/SpaceSwitcher/Resources/Localizable.xcstrings

CompileAssetCatalogVariant thinned /Users/michaelqiu/Library/Developer/Xcode/DerivedData/SpaceSwitcher-beofylnrmfidwsbvxicderipehuq/Build/Products/Debug/SpaceSwitcher.app/Contents/Resources /Users/michaelqiu/Projects/03_App_macOS/SpaceSwitcher/SpaceSwitcher/Assets.xcassets /Users/michaelqiu/Projects/03_App_macOS/SpaceSwitcher/SpaceSwitcher/SpaceSwitcherIcon.icon (in target 'SpaceSwitcher' from project 'SpaceSwitcher')
    cd /Users/michaelqiu/Projects/03_App_macOS/SpaceSwitcher
    /Applications/Xcode.app/Contents/Developer/usr/bin/actool /Users/michaelqiu/Projects/03_App_macOS/SpaceSwitcher/SpaceSwitcher/Assets.xcassets /Users/michaelqiu/Projects/03_App_macOS/SpaceSwitcher/SpaceSwitcher/SpaceSwitcherIcon.icon --compile /Users/michaelqiu/Library/Developer/Xcode/DerivedData/SpaceSwitcher-beofylnrmfidwsbvxicderipehuq/Build/Intermediates.noindex/SpaceSwitcher.build/Debug/SpaceSwitcher.build/assetcatalog_output/thinned --output-format human-readable-text --notices --warnings --export-dependency-info /Users/michaelqiu/Library/Developer/Xcode/DerivedData/SpaceSwitcher-beofylnrmfidwsbvxicderipehuq/Build/Intermediates.noindex/SpaceSwitcher.build/Debug/SpaceSwitcher.build/assetcatalog_dependencies_thinned --output-partial-info-plist /Users/michaelqiu/Library/Developer/Xcode/DerivedData/SpaceSwitcher-beofylnrmfidwsbvxicderipehuq/Build/Intermediates.noindex/SpaceSwitcher.build/Debug/SpaceSwitcher.build/assetcatalog_generated_info.plist_thinned --app-icon SpaceSwitcherIcon --accent-color AccentColor --enable-on-demand-resources NO --development-region en --target-device mac --minimum-deployment-target 13.0 --platform macosx
/* com.apple.actool.compilation-results */
/Users/michaelqiu/Library/Developer/Xcode/DerivedData/SpaceSwitcher-beofylnrmfidwsbvxicderipehuq/Build/Intermediates.noindex/SpaceSwitcher.build/Debug/SpaceSwitcher.build/assetcatalog_generated_info.plist_thinned
/Users/michaelqiu/Library/Developer/Xcode/DerivedData/SpaceSwitcher-beofylnrmfidwsbvxicderipehuq/Build/Intermediates.noindex/SpaceSwitcher.build/Debug/SpaceSwitcher.build/assetcatalog_output/thinned/Assets.car
/Users/michaelqiu/Library/Developer/Xcode/DerivedData/SpaceSwitcher-beofylnrmfidwsbvxicderipehuq/Build/Intermediates.noindex/SpaceSwitcher.build/Debug/SpaceSwitcher.build/assetcatalog_output/thinned/SpaceSwitcherIcon.icns


CopyStringsFile /Users/michaelqiu/Library/Developer/Xcode/DerivedData/SpaceSwitcher-beofylnrmfidwsbvxicderipehuq/Build/Products/Debug/SpaceSwitcher.app/Contents/Resources/zh-Hans.lproj/Localizable.strings /Users/michaelqiu/Library/Developer/Xcode/DerivedData/SpaceSwitcher-beofylnrmfidwsbvxicderipehuq/Build/Intermediates.noindex/SpaceSwitcher.build/Debug/SpaceSwitcher.build/zh-Hans.lproj/Localizable.strings (in target 'SpaceSwitcher' from project 'SpaceSwitcher')
    cd /Users/michaelqiu/Projects/03_App_macOS/SpaceSwitcher
    builtin-copyStrings --validate --outputencoding UTF-16 --outfilename Localizable.strings --outdir /Users/michaelqiu/Library/Developer/Xcode/DerivedData/SpaceSwitcher-beofylnrmfidwsbvxicderipehuq/Build/Products/Debug/SpaceSwitcher.app/Contents/Resources/zh-Hans.lproj -- /Users/michaelqiu/Library/Developer/Xcode/DerivedData/SpaceSwitcher-beofylnrmfidwsbvxicderipehuq/Build/Intermediates.noindex/SpaceSwitcher.build/Debug/SpaceSwitcher.build/zh-Hans.lproj/Localizable.strings
/Users/michaelqiu/Library/Developer/Xcode/DerivedData/SpaceSwitcher-beofylnrmfidwsbvxicderipehuq/Build/Intermediates.noindex/SpaceSwitcher.build/Debug/SpaceSwitcher.build/zh-Hans.lproj/Localizable.strings:1:1: note: detected encoding of input file as Unicode (UTF-8) (in target 'SpaceSwitcher' from project 'SpaceSwitcher')

CopyStringsFile /Users/michaelqiu/Library/Developer/Xcode/DerivedData/SpaceSwitcher-beofylnrmfidwsbvxicderipehuq/Build/Products/Debug/SpaceSwitcher.app/Contents/Resources/en.lproj/Localizable.strings /Users/michaelqiu/Library/Developer/Xcode/DerivedData/SpaceSwitcher-beofylnrmfidwsbvxicderipehuq/Build/Intermediates.noindex/SpaceSwitcher.build/Debug/SpaceSwitcher.build/en.lproj/Localizable.strings (in target 'SpaceSwitcher' from project 'SpaceSwitcher')
    cd /Users/michaelqiu/Projects/03_App_macOS/SpaceSwitcher
    builtin-copyStrings --validate --outputencoding UTF-16 --outfilename Localizable.strings --outdir /Users/michaelqiu/Library/Developer/Xcode/DerivedData/SpaceSwitcher-beofylnrmfidwsbvxicderipehuq/Build/Products/Debug/SpaceSwitcher.app/Contents/Resources/en.lproj -- /Users/michaelqiu/Library/Developer/Xcode/DerivedData/SpaceSwitcher-beofylnrmfidwsbvxicderipehuq/Build/Intermediates.noindex/SpaceSwitcher.build/Debug/SpaceSwitcher.build/en.lproj/Localizable.strings
/Users/michaelqiu/Library/Developer/Xcode/DerivedData/SpaceSwitcher-beofylnrmfidwsbvxicderipehuq/Build/Intermediates.noindex/SpaceSwitcher.build/Debug/SpaceSwitcher.build/en.lproj/Localizable.strings:1:1: note: detected encoding of input file as Unicode (UTF-8) (in target 'SpaceSwitcher' from project 'SpaceSwitcher')

SwiftDriver SpaceSwitcher normal arm64 com.apple.xcode.tools.swift.compiler (in target 'SpaceSwitcher' from project 'SpaceSwitcher')
    cd /Users/michaelqiu/Projects/03_App_macOS/SpaceSwitcher
    builtin-SwiftDriver -- /Applications/Xcode.app/Contents/Developer/Toolchains/XcodeDefault.xctoolchain/usr/bin/swiftc -module-name SpaceSwitcher -Onone -enforce-exclusivity\=checked @/Users/michaelqiu/Library/Developer/Xcode/DerivedData/SpaceSwitcher-beofylnrmfidwsbvxicderipehuq/Build/Intermediates.noindex/SpaceSwitcher.build/Debug/SpaceSwitcher.build/Objects-normal/arm64/SpaceSwitcher.SwiftFileList -DDEBUG -default-isolation\=MainActor -enable-bare-slash-regex -enable-upcoming-feature DisableOutwardActorInference -enable-upcoming-feature InferSendableFromCaptures -enable-upcoming-feature GlobalActorIsolatedTypesUsability -enable-upcoming-feature MemberImportVisibility -enable-upcoming-feature InferIsolatedConformances -enable-upcoming-feature NonisolatedNonsendingByDefault -enable-experimental-feature DebugDescriptionMacro -sdk /Applications/Xcode.app/Contents/Developer/Platforms/MacOSX.platform/Developer/SDKs/MacOSX26.0.sdk -target arm64-apple-macos13.0 -g -module-cache-path /Users/michaelqiu/Library/Developer/Xcode/DerivedData/ModuleCache.noindex -Xfrontend -serialize-debugging-options -enable-testing -index-store-path /Users/michaelqiu/Library/Developer/Xcode/DerivedData/SpaceSwitcher-beofylnrmfidwsbvxicderipehuq/Index.noindex/DataStore -Xcc -D_LIBCPP_HARDENING_MODE\=_LIBCPP_HARDENING_MODE_DEBUG -swift-version 5 -I /Users/michaelqiu/Library/Developer/Xcode/DerivedData/SpaceSwitcher-beofylnrmfidwsbvxicderipehuq/Build/Products/Debug -F /Users/michaelqiu/Library/Developer/Xcode/DerivedData/SpaceSwitcher-beofylnrmfidwsbvxicderipehuq/Build/Products/Debug -emit-localized-strings -emit-localized-strings-path /Users/michaelqiu/Library/Developer/Xcode/DerivedData/SpaceSwitcher-beofylnrmfidwsbvxicderipehuq/Build/Intermediates.noindex/SpaceSwitcher.build/Debug/SpaceSwitcher.build/Objects-normal/arm64 -c -j8 -enable-batch-mode -incremental -Xcc -ivfsstatcache -Xcc /Users/michaelqiu/Library/Developer/Xcode/DerivedData/SDKStatCaches.noindex/macosx26.0-25A352-3885c01c3e6b6a337905948deab2002e28806144b0707e398aac92880fa50324.sdkstatcache -output-file-map /Users/michaelqiu/Library/Developer/Xcode/DerivedData/SpaceSwitcher-beofylnrmfidwsbvxicderipehuq/Build/Intermediates.noindex/SpaceSwitcher.build/Debug/SpaceSwitcher.build/Objects-normal/arm64/SpaceSwitcher-OutputFileMap.json -use-frontend-parseable-output -save-temps -no-color-diagnostics -explicit-module-build -module-cache-path /Users/michaelqiu/Library/Developer/Xcode/DerivedData/SpaceSwitcher-beofylnrmfidwsbvxicderipehuq/Build/Intermediates.noindex/SwiftExplicitPrecompiledModules -clang-scanner-module-cache-path /Users/michaelqiu/Library/Developer/Xcode/DerivedData/ModuleCache.noindex -sdk-module-cache-path /Users/michaelqiu/Library/Developer/Xcode/DerivedData/ModuleCache.noindex -serialize-diagnostics -emit-dependencies -emit-module -emit-module-path /Users/michaelqiu/Library/Developer/Xcode/DerivedData/SpaceSwitcher-beofylnrmfidwsbvxicderipehuq/Build/Intermediates.noindex/SpaceSwitcher.build/Debug/SpaceSwitcher.build/Objects-normal/arm64/SpaceSwitcher.swiftmodule -validate-clang-modules-once -clang-build-session-file /Users/michaelqiu/Library/Developer/Xcode/DerivedData/ModuleCache.noindex/Session.modulevalidation -Xcc -I/Users/michaelqiu/Library/Developer/Xcode/DerivedData/SpaceSwitcher-beofylnrmfidwsbvxicderipehuq/Build/Intermediates.noindex/SpaceSwitcher.build/Debug/SpaceSwitcher.build/swift-overrides.hmap -emit-const-values -Xfrontend -const-gather-protocols-file -Xfrontend /Users/michaelqiu/Library/Developer/Xcode/DerivedData/SpaceSwitcher-beofylnrmfidwsbvxicderipehuq/Build/Intermediates.noindex/SpaceSwitcher.build/Debug/SpaceSwitcher.build/Objects-normal/arm64/SpaceSwitcher_const_extract_protocols.json -Xcc -iquote -Xcc /Users/michaelqiu/Library/Developer/Xcode/DerivedData/SpaceSwitcher-beofylnrmfidwsbvxicderipehuq/Build/Intermediates.noindex/SpaceSwitcher.build/Debug/SpaceSwitcher.build/SpaceSwitcher-generated-files.hmap -Xcc -I/Users/michaelqiu/Library/Developer/Xcode/DerivedData/SpaceSwitcher-beofylnrmfidwsbvxicderipehuq/Build/Intermediates.noindex/SpaceSwitcher.build/Debug/SpaceSwitcher.build/SpaceSwitcher-own-target-headers.hmap -Xcc -I/Users/michaelqiu/Library/Developer/Xcode/DerivedData/SpaceSwitcher-beofylnrmfidwsbvxicderipehuq/Build/Intermediates.noindex/SpaceSwitcher.build/Debug/SpaceSwitcher.build/SpaceSwitcher-all-target-headers.hmap -Xcc -iquote -Xcc /Users/michaelqiu/Library/Developer/Xcode/DerivedData/SpaceSwitcher-beofylnrmfidwsbvxicderipehuq/Build/Intermediates.noindex/SpaceSwitcher.build/Debug/SpaceSwitcher.build/SpaceSwitcher-project-headers.hmap -Xcc -I/Users/michaelqiu/Library/Developer/Xcode/DerivedData/SpaceSwitcher-beofylnrmfidwsbvxicderipehuq/Build/Products/Debug/include -Xcc -I/Users/michaelqiu/Library/Developer/Xcode/DerivedData/SpaceSwitcher-beofylnrmfidwsbvxicderipehuq/Build/Intermediates.noindex/SpaceSwitcher.build/Debug/SpaceSwitcher.build/DerivedSources-normal/arm64 -Xcc -I/Users/michaelqiu/Library/Developer/Xcode/DerivedData/SpaceSwitcher-beofylnrmfidwsbvxicderipehuq/Build/Intermediates.noindex/SpaceSwitcher.build/Debug/SpaceSwitcher.build/DerivedSources/arm64 -Xcc -I/Users/michaelqiu/Library/Developer/Xcode/DerivedData/SpaceSwitcher-beofylnrmfidwsbvxicderipehuq/Build/Intermediates.noindex/SpaceSwitcher.build/Debug/SpaceSwitcher.build/DerivedSources -Xcc -DDEBUG\=1 -emit-objc-header -emit-objc-header-path /Users/michaelqiu/Library/Developer/Xcode/DerivedData/SpaceSwitcher-beofylnrmfidwsbvxicderipehuq/Build/Intermediates.noindex/SpaceSwitcher.build/Debug/SpaceSwitcher.build/Objects-normal/arm64/SpaceSwitcher-Swift.h -working-directory /Users/michaelqiu/Projects/03_App_macOS/SpaceSwitcher -experimental-emit-module-separately -disable-cmo

SwiftEmitModule normal arm64 Emitting\ module\ for\ SpaceSwitcher (in target 'SpaceSwitcher' from project 'SpaceSwitcher')

EmitSwiftModule normal arm64 (in target 'SpaceSwitcher' from project 'SpaceSwitcher')
    cd /Users/michaelqiu/Projects/03_App_macOS/SpaceSwitcher
    

SwiftCompile normal arm64 Compiling\ RuleManager.swift,\ SpaceManager.swift,\ StatusBarManager.swift /Users/michaelqiu/Projects/03_App_macOS/SpaceSwitcher/SpaceSwitcher/Services/RuleManager.swift /Users/michaelqiu/Projects/03_App_macOS/SpaceSwitcher/SpaceSwitcher/Services/SpaceManager.swift /Users/michaelqiu/Projects/03_App_macOS/SpaceSwitcher/SpaceSwitcher/Services/StatusBarManager.swift (in target 'SpaceSwitcher' from project 'SpaceSwitcher')

SwiftCompile normal arm64 /Users/michaelqiu/Projects/03_App_macOS/SpaceSwitcher/SpaceSwitcher/Services/RuleManager.swift (in target 'SpaceSwitcher' from project 'SpaceSwitcher')
    cd /Users/michaelqiu/Projects/03_App_macOS/SpaceSwitcher
    

SwiftCompile normal arm64 /Users/michaelqiu/Projects/03_App_macOS/SpaceSwitcher/SpaceSwitcher/Services/SpaceManager.swift (in target 'SpaceSwitcher' from project 'SpaceSwitcher')
    cd /Users/michaelqiu/Projects/03_App_macOS/SpaceSwitcher
    

SwiftCompile normal arm64 /Users/michaelqiu/Projects/03_App_macOS/SpaceSwitcher/SpaceSwitcher/Services/StatusBarManager.swift (in target 'SpaceSwitcher' from project 'SpaceSwitcher')
    cd /Users/michaelqiu/Projects/03_App_macOS/SpaceSwitcher
    

SwiftCompile normal arm64 Compiling\ AboutView.swift,\ DockSettingsView.swift /Users/michaelqiu/Projects/03_App_macOS/SpaceSwitcher/SpaceSwitcher/Views/SettingsSubViews/AboutView.swift /Users/michaelqiu/Projects/03_App_macOS/SpaceSwitcher/SpaceSwitcher/Views/SettingsSubViews/DockSettingsView.swift (in target 'SpaceSwitcher' from project 'SpaceSwitcher')

SwiftCompile normal arm64 /Users/michaelqiu/Projects/03_App_macOS/SpaceSwitcher/SpaceSwitcher/Views/SettingsSubViews/AboutView.swift (in target 'SpaceSwitcher' from project 'SpaceSwitcher')
    cd /Users/michaelqiu/Projects/03_App_macOS/SpaceSwitcher
    

SwiftCompile normal arm64 /Users/michaelqiu/Projects/03_App_macOS/SpaceSwitcher/SpaceSwitcher/Views/SettingsSubViews/DockSettingsView.swift (in target 'SpaceSwitcher' from project 'SpaceSwitcher')
    cd /Users/michaelqiu/Projects/03_App_macOS/SpaceSwitcher
    

SwiftCompile normal arm64 Compiling\ DockModels.swift,\ RuleModels.swift,\ SettingsComponents.swift /Users/michaelqiu/Projects/03_App_macOS/SpaceSwitcher/SpaceSwitcher/Models/DockModels.swift /Users/michaelqiu/Projects/03_App_macOS/SpaceSwitcher/SpaceSwitcher/Models/RuleModels.swift /Users/michaelqiu/Projects/03_App_macOS/SpaceSwitcher/SpaceSwitcher/Models/SettingsComponents.swift (in target 'SpaceSwitcher' from project 'SpaceSwitcher')

SwiftCompile normal arm64 /Users/michaelqiu/Projects/03_App_macOS/SpaceSwitcher/SpaceSwitcher/Models/DockModels.swift (in target 'SpaceSwitcher' from project 'SpaceSwitcher')
    cd /Users/michaelqiu/Projects/03_App_macOS/SpaceSwitcher
    

SwiftCompile normal arm64 /Users/michaelqiu/Projects/03_App_macOS/SpaceSwitcher/SpaceSwitcher/Models/RuleModels.swift (in target 'SpaceSwitcher' from project 'SpaceSwitcher')
    cd /Users/michaelqiu/Projects/03_App_macOS/SpaceSwitcher
    

SwiftCompile normal arm64 /Users/michaelqiu/Projects/03_App_macOS/SpaceSwitcher/SpaceSwitcher/Models/SettingsComponents.swift (in target 'SpaceSwitcher' from project 'SpaceSwitcher')
    cd /Users/michaelqiu/Projects/03_App_macOS/SpaceSwitcher
    

SwiftCompile normal arm64 Compiling\ RulesView.swift,\ SettingsView.swift /Users/michaelqiu/Projects/03_App_macOS/SpaceSwitcher/SpaceSwitcher/Views/SettingsSubViews/RulesView.swift /Users/michaelqiu/Projects/03_App_macOS/SpaceSwitcher/SpaceSwitcher/Views/SettingsView.swift (in target 'SpaceSwitcher' from project 'SpaceSwitcher')

SwiftCompile normal arm64 /Users/michaelqiu/Projects/03_App_macOS/SpaceSwitcher/SpaceSwitcher/Views/SettingsSubViews/RulesView.swift (in target 'SpaceSwitcher' from project 'SpaceSwitcher')
    cd /Users/michaelqiu/Projects/03_App_macOS/SpaceSwitcher
    

SwiftCompile normal arm64 /Users/michaelqiu/Projects/03_App_macOS/SpaceSwitcher/SpaceSwitcher/Views/SettingsView.swift (in target 'SpaceSwitcher' from project 'SpaceSwitcher')
    cd /Users/michaelqiu/Projects/03_App_macOS/SpaceSwitcher
    

SwiftCompile normal arm64 Compiling\ DockManager.swift,\ LaunchManager.swift,\ PermissionManager.swift /Users/michaelqiu/Projects/03_App_macOS/SpaceSwitcher/SpaceSwitcher/Services/DockManager.swift /Users/michaelqiu/Projects/03_App_macOS/SpaceSwitcher/SpaceSwitcher/Services/LaunchManager.swift /Users/michaelqiu/Projects/03_App_macOS/SpaceSwitcher/SpaceSwitcher/Services/PermissionManager.swift (in target 'SpaceSwitcher' from project 'SpaceSwitcher')

SwiftCompile normal arm64 /Users/michaelqiu/Projects/03_App_macOS/SpaceSwitcher/SpaceSwitcher/Services/DockManager.swift (in target 'SpaceSwitcher' from project 'SpaceSwitcher')
    cd /Users/michaelqiu/Projects/03_App_macOS/SpaceSwitcher
    

SwiftCompile normal arm64 /Users/michaelqiu/Projects/03_App_macOS/SpaceSwitcher/SpaceSwitcher/Services/LaunchManager.swift (in target 'SpaceSwitcher' from project 'SpaceSwitcher')
    cd /Users/michaelqiu/Projects/03_App_macOS/SpaceSwitcher
    

SwiftCompile normal arm64 /Users/michaelqiu/Projects/03_App_macOS/SpaceSwitcher/SpaceSwitcher/Services/PermissionManager.swift (in target 'SpaceSwitcher' from project 'SpaceSwitcher')
    cd /Users/michaelqiu/Projects/03_App_macOS/SpaceSwitcher
    

SwiftCompile normal arm64 Compiling\ SettingsViewController.swift,\ SpaceSwitcherApp.swift /Users/michaelqiu/Projects/03_App_macOS/SpaceSwitcher/SpaceSwitcher/Views/SettingsViewController.swift /Users/michaelqiu/Projects/03_App_macOS/SpaceSwitcher/SpaceSwitcher/SpaceSwitcherApp.swift (in target 'SpaceSwitcher' from project 'SpaceSwitcher')

SwiftCompile normal arm64 /Users/michaelqiu/Projects/03_App_macOS/SpaceSwitcher/SpaceSwitcher/Views/SettingsViewController.swift (in target 'SpaceSwitcher' from project 'SpaceSwitcher')
    cd /Users/michaelqiu/Projects/03_App_macOS/SpaceSwitcher
    

SwiftCompile normal arm64 /Users/michaelqiu/Projects/03_App_macOS/SpaceSwitcher/SpaceSwitcher/SpaceSwitcherApp.swift (in target 'SpaceSwitcher' from project 'SpaceSwitcher')
    cd /Users/michaelqiu/Projects/03_App_macOS/SpaceSwitcher
    

SwiftCompile normal arm64 Compiling\ GeneralSettingsView.swift,\ PermissionsSettingsView.swift /Users/michaelqiu/Projects/03_App_macOS/SpaceSwitcher/SpaceSwitcher/Views/SettingsSubViews/GeneralSettingsView.swift /Users/michaelqiu/Projects/03_App_macOS/SpaceSwitcher/SpaceSwitcher/Views/SettingsSubViews/PermissionsSettingsView.swift (in target 'SpaceSwitcher' from project 'SpaceSwitcher')

SwiftCompile normal arm64 /Users/michaelqiu/Projects/03_App_macOS/SpaceSwitcher/SpaceSwitcher/Views/SettingsSubViews/GeneralSettingsView.swift (in target 'SpaceSwitcher' from project 'SpaceSwitcher')
    cd /Users/michaelqiu/Projects/03_App_macOS/SpaceSwitcher
    

SwiftCompile normal arm64 /Users/michaelqiu/Projects/03_App_macOS/SpaceSwitcher/SpaceSwitcher/Views/SettingsSubViews/PermissionsSettingsView.swift (in target 'SpaceSwitcher' from project 'SpaceSwitcher')
    cd /Users/michaelqiu/Projects/03_App_macOS/SpaceSwitcher
    

SwiftDriverJobDiscovery normal arm64 Emitting module for SpaceSwitcher (in target 'SpaceSwitcher' from project 'SpaceSwitcher')

SwiftDriver\ Compilation\ Requirements SpaceSwitcher normal arm64 com.apple.xcode.tools.swift.compiler (in target 'SpaceSwitcher' from project 'SpaceSwitcher')
    cd /Users/michaelqiu/Projects/03_App_macOS/SpaceSwitcher
    builtin-Swift-Compilation-Requirements -- /Applications/Xcode.app/Contents/Developer/Toolchains/XcodeDefault.xctoolchain/usr/bin/swiftc -module-name SpaceSwitcher -Onone -enforce-exclusivity\=checked @/Users/michaelqiu/Library/Developer/Xcode/DerivedData/SpaceSwitcher-beofylnrmfidwsbvxicderipehuq/Build/Intermediates.noindex/SpaceSwitcher.build/Debug/SpaceSwitcher.build/Objects-normal/arm64/SpaceSwitcher.SwiftFileList -DDEBUG -default-isolation\=MainActor -enable-bare-slash-regex -enable-upcoming-feature DisableOutwardActorInference -enable-upcoming-feature InferSendableFromCaptures -enable-upcoming-feature GlobalActorIsolatedTypesUsability -enable-upcoming-feature MemberImportVisibility -enable-upcoming-feature InferIsolatedConformances -enable-upcoming-feature NonisolatedNonsendingByDefault -enable-experimental-feature DebugDescriptionMacro -sdk /Applications/Xcode.app/Contents/Developer/Platforms/MacOSX.platform/Developer/SDKs/MacOSX26.0.sdk -target arm64-apple-macos13.0 -g -module-cache-path /Users/michaelqiu/Library/Developer/Xcode/DerivedData/ModuleCache.noindex -Xfrontend -serialize-debugging-options -enable-testing -index-store-path /Users/michaelqiu/Library/Developer/Xcode/DerivedData/SpaceSwitcher-beofylnrmfidwsbvxicderipehuq/Index.noindex/DataStore -Xcc -D_LIBCPP_HARDENING_MODE\=_LIBCPP_HARDENING_MODE_DEBUG -swift-version 5 -I /Users/michaelqiu/Library/Developer/Xcode/DerivedData/SpaceSwitcher-beofylnrmfidwsbvxicderipehuq/Build/Products/Debug -F /Users/michaelqiu/Library/Developer/Xcode/DerivedData/SpaceSwitcher-beofylnrmfidwsbvxicderipehuq/Build/Products/Debug -emit-localized-strings -emit-localized-strings-path /Users/michaelqiu/Library/Developer/Xcode/DerivedData/SpaceSwitcher-beofylnrmfidwsbvxicderipehuq/Build/Intermediates.noindex/SpaceSwitcher.build/Debug/SpaceSwitcher.build/Objects-normal/arm64 -c -j8 -enable-batch-mode -incremental -Xcc -ivfsstatcache -Xcc /Users/michaelqiu/Library/Developer/Xcode/DerivedData/SDKStatCaches.noindex/macosx26.0-25A352-3885c01c3e6b6a337905948deab2002e28806144b0707e398aac92880fa50324.sdkstatcache -output-file-map /Users/michaelqiu/Library/Developer/Xcode/DerivedData/SpaceSwitcher-beofylnrmfidwsbvxicderipehuq/Build/Intermediates.noindex/SpaceSwitcher.build/Debug/SpaceSwitcher.build/Objects-normal/arm64/SpaceSwitcher-OutputFileMap.json -use-frontend-parseable-output -save-temps -no-color-diagnostics -explicit-module-build -module-cache-path /Users/michaelqiu/Library/Developer/Xcode/DerivedData/SpaceSwitcher-beofylnrmfidwsbvxicderipehuq/Build/Intermediates.noindex/SwiftExplicitPrecompiledModules -clang-scanner-module-cache-path /Users/michaelqiu/Library/Developer/Xcode/DerivedData/ModuleCache.noindex -sdk-module-cache-path /Users/michaelqiu/Library/Developer/Xcode/DerivedData/ModuleCache.noindex -serialize-diagnostics -emit-dependencies -emit-module -emit-module-path /Users/michaelqiu/Library/Developer/Xcode/DerivedData/SpaceSwitcher-beofylnrmfidwsbvxicderipehuq/Build/Intermediates.noindex/SpaceSwitcher.build/Debug/SpaceSwitcher.build/Objects-normal/arm64/SpaceSwitcher.swiftmodule -validate-clang-modules-once -clang-build-session-file /Users/michaelqiu/Library/Developer/Xcode/DerivedData/ModuleCache.noindex/Session.modulevalidation -Xcc -I/Users/michaelqiu/Library/Developer/Xcode/DerivedData/SpaceSwitcher-beofylnrmfidwsbvxicderipehuq/Build/Intermediates.noindex/SpaceSwitcher.build/Debug/SpaceSwitcher.build/swift-overrides.hmap -emit-const-values -Xfrontend -const-gather-protocols-file -Xfrontend /Users/michaelqiu/Library/Developer/Xcode/DerivedData/SpaceSwitcher-beofylnrmfidwsbvxicderipehuq/Build/Intermediates.noindex/SpaceSwitcher.build/Debug/SpaceSwitcher.build/Objects-normal/arm64/SpaceSwitcher_const_extract_protocols.json -Xcc -iquote -Xcc /Users/michaelqiu/Library/Developer/Xcode/DerivedData/SpaceSwitcher-beofylnrmfidwsbvxicderipehuq/Build/Intermediates.noindex/SpaceSwitcher.build/Debug/SpaceSwitcher.build/SpaceSwitcher-generated-files.hmap -Xcc -I/Users/michaelqiu/Library/Developer/Xcode/DerivedData/SpaceSwitcher-beofylnrmfidwsbvxicderipehuq/Build/Intermediates.noindex/SpaceSwitcher.build/Debug/SpaceSwitcher.build/SpaceSwitcher-own-target-headers.hmap -Xcc -I/Users/michaelqiu/Library/Developer/Xcode/DerivedData/SpaceSwitcher-beofylnrmfidwsbvxicderipehuq/Build/Intermediates.noindex/SpaceSwitcher.build/Debug/SpaceSwitcher.build/SpaceSwitcher-all-target-headers.hmap -Xcc -iquote -Xcc /Users/michaelqiu/Library/Developer/Xcode/DerivedData/SpaceSwitcher-beofylnrmfidwsbvxicderipehuq/Build/Intermediates.noindex/SpaceSwitcher.build/Debug/SpaceSwitcher.build/SpaceSwitcher-project-headers.hmap -Xcc -I/Users/michaelqiu/Library/Developer/Xcode/DerivedData/SpaceSwitcher-beofylnrmfidwsbvxicderipehuq/Build/Products/Debug/include -Xcc -I/Users/michaelqiu/Library/Developer/Xcode/DerivedData/SpaceSwitcher-beofylnrmfidwsbvxicderipehuq/Build/Intermediates.noindex/SpaceSwitcher.build/Debug/SpaceSwitcher.build/DerivedSources-normal/arm64 -Xcc -I/Users/michaelqiu/Library/Developer/Xcode/DerivedData/SpaceSwitcher-beofylnrmfidwsbvxicderipehuq/Build/Intermediates.noindex/SpaceSwitcher.build/Debug/SpaceSwitcher.build/DerivedSources/arm64 -Xcc -I/Users/michaelqiu/Library/Developer/Xcode/DerivedData/SpaceSwitcher-beofylnrmfidwsbvxicderipehuq/Build/Intermediates.noindex/SpaceSwitcher.build/Debug/SpaceSwitcher.build/DerivedSources -Xcc -DDEBUG\=1 -emit-objc-header -emit-objc-header-path /Users/michaelqiu/Library/Developer/Xcode/DerivedData/SpaceSwitcher-beofylnrmfidwsbvxicderipehuq/Build/Intermediates.noindex/SpaceSwitcher.build/Debug/SpaceSwitcher.build/Objects-normal/arm64/SpaceSwitcher-Swift.h -working-directory /Users/michaelqiu/Projects/03_App_macOS/SpaceSwitcher -experimental-emit-module-separately -disable-cmo

SwiftDriverJobDiscovery normal arm64 Compiling SettingsViewController.swift, SpaceSwitcherApp.swift (in target 'SpaceSwitcher' from project 'SpaceSwitcher')

SwiftCompile normal arm64 Compiling\ UpdateManager.swift,\ RuleEditor.swift /Users/michaelqiu/Projects/03_App_macOS/SpaceSwitcher/SpaceSwitcher/Services/UpdateManager.swift /Users/michaelqiu/Projects/03_App_macOS/SpaceSwitcher/SpaceSwitcher/Views/SettingsSubViews/RulesSubView/RuleEditor.swift (in target 'SpaceSwitcher' from project 'SpaceSwitcher')

SwiftCompile normal arm64 /Users/michaelqiu/Projects/03_App_macOS/SpaceSwitcher/SpaceSwitcher/Services/UpdateManager.swift (in target 'SpaceSwitcher' from project 'SpaceSwitcher')
    cd /Users/michaelqiu/Projects/03_App_macOS/SpaceSwitcher
    

SwiftCompile normal arm64 /Users/michaelqiu/Projects/03_App_macOS/SpaceSwitcher/SpaceSwitcher/Views/SettingsSubViews/RulesSubView/RuleEditor.swift (in target 'SpaceSwitcher' from project 'SpaceSwitcher')
    cd /Users/michaelqiu/Projects/03_App_macOS/SpaceSwitcher
    

SwiftMergeGeneratedHeaders /Users/michaelqiu/Library/Developer/Xcode/DerivedData/SpaceSwitcher-beofylnrmfidwsbvxicderipehuq/Build/Intermediates.noindex/SpaceSwitcher.build/Debug/SpaceSwitcher.build/DerivedSources/SpaceSwitcher-Swift.h /Users/michaelqiu/Library/Developer/Xcode/DerivedData/SpaceSwitcher-beofylnrmfidwsbvxicderipehuq/Build/Intermediates.noindex/SpaceSwitcher.build/Debug/SpaceSwitcher.build/Objects-normal/arm64/SpaceSwitcher-Swift.h (in target 'SpaceSwitcher' from project 'SpaceSwitcher')
    cd /Users/michaelqiu/Projects/03_App_macOS/SpaceSwitcher
    builtin-swiftHeaderTool -arch arm64 /Users/michaelqiu/Library/Developer/Xcode/DerivedData/SpaceSwitcher-beofylnrmfidwsbvxicderipehuq/Build/Intermediates.noindex/SpaceSwitcher.build/Debug/SpaceSwitcher.build/Objects-normal/arm64/SpaceSwitcher-Swift.h -o /Users/michaelqiu/Library/Developer/Xcode/DerivedData/SpaceSwitcher-beofylnrmfidwsbvxicderipehuq/Build/Intermediates.noindex/SpaceSwitcher.build/Debug/SpaceSwitcher.build/DerivedSources/SpaceSwitcher-Swift.h

SwiftDriverJobDiscovery normal arm64 Compiling GeneralSettingsView.swift, PermissionsSettingsView.swift (in target 'SpaceSwitcher' from project 'SpaceSwitcher')

Copy /Users/michaelqiu/Library/Developer/Xcode/DerivedData/SpaceSwitcher-beofylnrmfidwsbvxicderipehuq/Build/Products/Debug/SpaceSwitcher.swiftmodule/arm64-apple-macos.swiftmodule /Users/michaelqiu/Library/Developer/Xcode/DerivedData/SpaceSwitcher-beofylnrmfidwsbvxicderipehuq/Build/Intermediates.noindex/SpaceSwitcher.build/Debug/SpaceSwitcher.build/Objects-normal/arm64/SpaceSwitcher.swiftmodule (in target 'SpaceSwitcher' from project 'SpaceSwitcher')
    cd /Users/michaelqiu/Projects/03_App_macOS/SpaceSwitcher
    builtin-copy -exclude .DS_Store -exclude CVS -exclude .svn -exclude .git -exclude .hg -resolve-src-symlinks -rename /Users/michaelqiu/Library/Developer/Xcode/DerivedData/SpaceSwitcher-beofylnrmfidwsbvxicderipehuq/Build/Intermediates.noindex/SpaceSwitcher.build/Debug/SpaceSwitcher.build/Objects-normal/arm64/SpaceSwitcher.swiftmodule /Users/michaelqiu/Library/Developer/Xcode/DerivedData/SpaceSwitcher-beofylnrmfidwsbvxicderipehuq/Build/Products/Debug/SpaceSwitcher.swiftmodule/arm64-apple-macos.swiftmodule

Copy /Users/michaelqiu/Library/Developer/Xcode/DerivedData/SpaceSwitcher-beofylnrmfidwsbvxicderipehuq/Build/Products/Debug/SpaceSwitcher.swiftmodule/arm64-apple-macos.swiftdoc /Users/michaelqiu/Library/Developer/Xcode/DerivedData/SpaceSwitcher-beofylnrmfidwsbvxicderipehuq/Build/Intermediates.noindex/SpaceSwitcher.build/Debug/SpaceSwitcher.build/Objects-normal/arm64/SpaceSwitcher.swiftdoc (in target 'SpaceSwitcher' from project 'SpaceSwitcher')
    cd /Users/michaelqiu/Projects/03_App_macOS/SpaceSwitcher
    builtin-copy -exclude .DS_Store -exclude CVS -exclude .svn -exclude .git -exclude .hg -resolve-src-symlinks -rename /Users/michaelqiu/Library/Developer/Xcode/DerivedData/SpaceSwitcher-beofylnrmfidwsbvxicderipehuq/Build/Intermediates.noindex/SpaceSwitcher.build/Debug/SpaceSwitcher.build/Objects-normal/arm64/SpaceSwitcher.swiftdoc /Users/michaelqiu/Library/Developer/Xcode/DerivedData/SpaceSwitcher-beofylnrmfidwsbvxicderipehuq/Build/Products/Debug/SpaceSwitcher.swiftmodule/arm64-apple-macos.swiftdoc

Copy /Users/michaelqiu/Library/Developer/Xcode/DerivedData/SpaceSwitcher-beofylnrmfidwsbvxicderipehuq/Build/Products/Debug/SpaceSwitcher.swiftmodule/arm64-apple-macos.abi.json /Users/michaelqiu/Library/Developer/Xcode/DerivedData/SpaceSwitcher-beofylnrmfidwsbvxicderipehuq/Build/Intermediates.noindex/SpaceSwitcher.build/Debug/SpaceSwitcher.build/Objects-normal/arm64/SpaceSwitcher.abi.json (in target 'SpaceSwitcher' from project 'SpaceSwitcher')
    cd /Users/michaelqiu/Projects/03_App_macOS/SpaceSwitcher
    builtin-copy -exclude .DS_Store -exclude CVS -exclude .svn -exclude .git -exclude .hg -resolve-src-symlinks -rename /Users/michaelqiu/Library/Developer/Xcode/DerivedData/SpaceSwitcher-beofylnrmfidwsbvxicderipehuq/Build/Intermediates.noindex/SpaceSwitcher.build/Debug/SpaceSwitcher.build/Objects-normal/arm64/SpaceSwitcher.abi.json /Users/michaelqiu/Library/Developer/Xcode/DerivedData/SpaceSwitcher-beofylnrmfidwsbvxicderipehuq/Build/Products/Debug/SpaceSwitcher.swiftmodule/arm64-apple-macos.abi.json

Copy /Users/michaelqiu/Library/Developer/Xcode/DerivedData/SpaceSwitcher-beofylnrmfidwsbvxicderipehuq/Build/Products/Debug/SpaceSwitcher.swiftmodule/Project/arm64-apple-macos.swiftsourceinfo /Users/michaelqiu/Library/Developer/Xcode/DerivedData/SpaceSwitcher-beofylnrmfidwsbvxicderipehuq/Build/Intermediates.noindex/SpaceSwitcher.build/Debug/SpaceSwitcher.build/Objects-normal/arm64/SpaceSwitcher.swiftsourceinfo (in target 'SpaceSwitcher' from project 'SpaceSwitcher')
    cd /Users/michaelqiu/Projects/03_App_macOS/SpaceSwitcher
    builtin-copy -exclude .DS_Store -exclude CVS -exclude .svn -exclude .git -exclude .hg -resolve-src-symlinks -rename /Users/michaelqiu/Library/Developer/Xcode/DerivedData/SpaceSwitcher-beofylnrmfidwsbvxicderipehuq/Build/Intermediates.noindex/SpaceSwitcher.build/Debug/SpaceSwitcher.build/Objects-normal/arm64/SpaceSwitcher.swiftsourceinfo /Users/michaelqiu/Library/Developer/Xcode/DerivedData/SpaceSwitcher-beofylnrmfidwsbvxicderipehuq/Build/Products/Debug/SpaceSwitcher.swiftmodule/Project/arm64-apple-macos.swiftsourceinfo

SwiftCompile normal arm64 Compiling\ GeneratedAssetSymbols.swift /Users/michaelqiu/Library/Developer/Xcode/DerivedData/SpaceSwitcher-beofylnrmfidwsbvxicderipehuq/Build/Intermediates.noindex/SpaceSwitcher.build/Debug/SpaceSwitcher.build/DerivedSources/GeneratedAssetSymbols.swift (in target 'SpaceSwitcher' from project 'SpaceSwitcher')

SwiftCompile normal arm64 /Users/michaelqiu/Library/Developer/Xcode/DerivedData/SpaceSwitcher-beofylnrmfidwsbvxicderipehuq/Build/Intermediates.noindex/SpaceSwitcher.build/Debug/SpaceSwitcher.build/DerivedSources/GeneratedAssetSymbols.swift (in target 'SpaceSwitcher' from project 'SpaceSwitcher')
    cd /Users/michaelqiu/Projects/03_App_macOS/SpaceSwitcher
    

SwiftDriverJobDiscovery normal arm64 Compiling DockManager.swift, LaunchManager.swift, PermissionManager.swift (in target 'SpaceSwitcher' from project 'SpaceSwitcher')

SwiftDriverJobDiscovery normal arm64 Compiling RuleManager.swift, SpaceManager.swift, StatusBarManager.swift (in target 'SpaceSwitcher' from project 'SpaceSwitcher')

SwiftDriverJobDiscovery normal arm64 Compiling DockModels.swift, RuleModels.swift, SettingsComponents.swift (in target 'SpaceSwitcher' from project 'SpaceSwitcher')

SwiftDriverJobDiscovery normal arm64 Compiling GeneratedAssetSymbols.swift (in target 'SpaceSwitcher' from project 'SpaceSwitcher')

SwiftDriverJobDiscovery normal arm64 Compiling RulesView.swift, SettingsView.swift (in target 'SpaceSwitcher' from project 'SpaceSwitcher')

SwiftDriverJobDiscovery normal arm64 Compiling AboutView.swift, DockSettingsView.swift (in target 'SpaceSwitcher' from project 'SpaceSwitcher')

SwiftDriverJobDiscovery normal arm64 Compiling UpdateManager.swift, RuleEditor.swift (in target 'SpaceSwitcher' from project 'SpaceSwitcher')

SwiftDriver\ Compilation SpaceSwitcher normal arm64 com.apple.xcode.tools.swift.compiler (in target 'SpaceSwitcher' from project 'SpaceSwitcher')
    cd /Users/michaelqiu/Projects/03_App_macOS/SpaceSwitcher
    builtin-Swift-Compilation -- /Applications/Xcode.app/Contents/Developer/Toolchains/XcodeDefault.xctoolchain/usr/bin/swiftc -module-name SpaceSwitcher -Onone -enforce-exclusivity\=checked @/Users/michaelqiu/Library/Developer/Xcode/DerivedData/SpaceSwitcher-beofylnrmfidwsbvxicderipehuq/Build/Intermediates.noindex/SpaceSwitcher.build/Debug/SpaceSwitcher.build/Objects-normal/arm64/SpaceSwitcher.SwiftFileList -DDEBUG -default-isolation\=MainActor -enable-bare-slash-regex -enable-upcoming-feature DisableOutwardActorInference -enable-upcoming-feature InferSendableFromCaptures -enable-upcoming-feature GlobalActorIsolatedTypesUsability -enable-upcoming-feature MemberImportVisibility -enable-upcoming-feature InferIsolatedConformances -enable-upcoming-feature NonisolatedNonsendingByDefault -enable-experimental-feature DebugDescriptionMacro -sdk /Applications/Xcode.app/Contents/Developer/Platforms/MacOSX.platform/Developer/SDKs/MacOSX26.0.sdk -target arm64-apple-macos13.0 -g -module-cache-path /Users/michaelqiu/Library/Developer/Xcode/DerivedData/ModuleCache.noindex -Xfrontend -serialize-debugging-options -enable-testing -index-store-path /Users/michaelqiu/Library/Developer/Xcode/DerivedData/SpaceSwitcher-beofylnrmfidwsbvxicderipehuq/Index.noindex/DataStore -Xcc -D_LIBCPP_HARDENING_MODE\=_LIBCPP_HARDENING_MODE_DEBUG -swift-version 5 -I /Users/michaelqiu/Library/Developer/Xcode/DerivedData/SpaceSwitcher-beofylnrmfidwsbvxicderipehuq/Build/Products/Debug -F /Users/michaelqiu/Library/Developer/Xcode/DerivedData/SpaceSwitcher-beofylnrmfidwsbvxicderipehuq/Build/Products/Debug -emit-localized-strings -emit-localized-strings-path /Users/michaelqiu/Library/Developer/Xcode/DerivedData/SpaceSwitcher-beofylnrmfidwsbvxicderipehuq/Build/Intermediates.noindex/SpaceSwitcher.build/Debug/SpaceSwitcher.build/Objects-normal/arm64 -c -j8 -enable-batch-mode -incremental -Xcc -ivfsstatcache -Xcc /Users/michaelqiu/Library/Developer/Xcode/DerivedData/SDKStatCaches.noindex/macosx26.0-25A352-3885c01c3e6b6a337905948deab2002e28806144b0707e398aac92880fa50324.sdkstatcache -output-file-map /Users/michaelqiu/Library/Developer/Xcode/DerivedData/SpaceSwitcher-beofylnrmfidwsbvxicderipehuq/Build/Intermediates.noindex/SpaceSwitcher.build/Debug/SpaceSwitcher.build/Objects-normal/arm64/SpaceSwitcher-OutputFileMap.json -use-frontend-parseable-output -save-temps -no-color-diagnostics -explicit-module-build -module-cache-path /Users/michaelqiu/Library/Developer/Xcode/DerivedData/SpaceSwitcher-beofylnrmfidwsbvxicderipehuq/Build/Intermediates.noindex/SwiftExplicitPrecompiledModules -clang-scanner-module-cache-path /Users/michaelqiu/Library/Developer/Xcode/DerivedData/ModuleCache.noindex -sdk-module-cache-path /Users/michaelqiu/Library/Developer/Xcode/DerivedData/ModuleCache.noindex -serialize-diagnostics -emit-dependencies -emit-module -emit-module-path /Users/michaelqiu/Library/Developer/Xcode/DerivedData/SpaceSwitcher-beofylnrmfidwsbvxicderipehuq/Build/Intermediates.noindex/SpaceSwitcher.build/Debug/SpaceSwitcher.build/Objects-normal/arm64/SpaceSwitcher.swiftmodule -validate-clang-modules-once -clang-build-session-file /Users/michaelqiu/Library/Developer/Xcode/DerivedData/ModuleCache.noindex/Session.modulevalidation -Xcc -I/Users/michaelqiu/Library/Developer/Xcode/DerivedData/SpaceSwitcher-beofylnrmfidwsbvxicderipehuq/Build/Intermediates.noindex/SpaceSwitcher.build/Debug/SpaceSwitcher.build/swift-overrides.hmap -emit-const-values -Xfrontend -const-gather-protocols-file -Xfrontend /Users/michaelqiu/Library/Developer/Xcode/DerivedData/SpaceSwitcher-beofylnrmfidwsbvxicderipehuq/Build/Intermediates.noindex/SpaceSwitcher.build/Debug/SpaceSwitcher.build/Objects-normal/arm64/SpaceSwitcher_const_extract_protocols.json -Xcc -iquote -Xcc /Users/michaelqiu/Library/Developer/Xcode/DerivedData/SpaceSwitcher-beofylnrmfidwsbvxicderipehuq/Build/Intermediates.noindex/SpaceSwitcher.build/Debug/SpaceSwitcher.build/SpaceSwitcher-generated-files.hmap -Xcc -I/Users/michaelqiu/Library/Developer/Xcode/DerivedData/SpaceSwitcher-beofylnrmfidwsbvxicderipehuq/Build/Intermediates.noindex/SpaceSwitcher.build/Debug/SpaceSwitcher.build/SpaceSwitcher-own-target-headers.hmap -Xcc -I/Users/michaelqiu/Library/Developer/Xcode/DerivedData/SpaceSwitcher-beofylnrmfidwsbvxicderipehuq/Build/Intermediates.noindex/SpaceSwitcher.build/Debug/SpaceSwitcher.build/SpaceSwitcher-all-target-headers.hmap -Xcc -iquote -Xcc /Users/michaelqiu/Library/Developer/Xcode/DerivedData/SpaceSwitcher-beofylnrmfidwsbvxicderipehuq/Build/Intermediates.noindex/SpaceSwitcher.build/Debug/SpaceSwitcher.build/SpaceSwitcher-project-headers.hmap -Xcc -I/Users/michaelqiu/Library/Developer/Xcode/DerivedData/SpaceSwitcher-beofylnrmfidwsbvxicderipehuq/Build/Products/Debug/include -Xcc -I/Users/michaelqiu/Library/Developer/Xcode/DerivedData/SpaceSwitcher-beofylnrmfidwsbvxicderipehuq/Build/Intermediates.noindex/SpaceSwitcher.build/Debug/SpaceSwitcher.build/DerivedSources-normal/arm64 -Xcc -I/Users/michaelqiu/Library/Developer/Xcode/DerivedData/SpaceSwitcher-beofylnrmfidwsbvxicderipehuq/Build/Intermediates.noindex/SpaceSwitcher.build/Debug/SpaceSwitcher.build/DerivedSources/arm64 -Xcc -I/Users/michaelqiu/Library/Developer/Xcode/DerivedData/SpaceSwitcher-beofylnrmfidwsbvxicderipehuq/Build/Intermediates.noindex/SpaceSwitcher.build/Debug/SpaceSwitcher.build/DerivedSources -Xcc -DDEBUG\=1 -emit-objc-header -emit-objc-header-path /Users/michaelqiu/Library/Developer/Xcode/DerivedData/SpaceSwitcher-beofylnrmfidwsbvxicderipehuq/Build/Intermediates.noindex/SpaceSwitcher.build/Debug/SpaceSwitcher.build/Objects-normal/arm64/SpaceSwitcher-Swift.h -working-directory /Users/michaelqiu/Projects/03_App_macOS/SpaceSwitcher -experimental-emit-module-separately -disable-cmo

Ld /Users/michaelqiu/Library/Developer/Xcode/DerivedData/SpaceSwitcher-beofylnrmfidwsbvxicderipehuq/Build/Products/Debug/SpaceSwitcher.app/Contents/MacOS/SpaceSwitcher.debug.dylib normal (in target 'SpaceSwitcher' from project 'SpaceSwitcher')
    cd /Users/michaelqiu/Projects/03_App_macOS/SpaceSwitcher
    /Applications/Xcode.app/Contents/Developer/Toolchains/XcodeDefault.xctoolchain/usr/bin/clang -Xlinker -reproducible -target arm64-apple-macos13.0 -dynamiclib -isysroot /Applications/Xcode.app/Contents/Developer/Platforms/MacOSX.platform/Developer/SDKs/MacOSX26.0.sdk -O0 -L/Users/michaelqiu/Library/Developer/Xcode/DerivedData/SpaceSwitcher-beofylnrmfidwsbvxicderipehuq/Build/Intermediates.noindex/EagerLinkingTBDs/Debug -L/Users/michaelqiu/Library/Developer/Xcode/DerivedData/SpaceSwitcher-beofylnrmfidwsbvxicderipehuq/Build/Products/Debug -F/Users/michaelqiu/Library/Developer/Xcode/DerivedData/SpaceSwitcher-beofylnrmfidwsbvxicderipehuq/Build/Intermediates.noindex/EagerLinkingTBDs/Debug -F/Users/michaelqiu/Library/Developer/Xcode/DerivedData/SpaceSwitcher-beofylnrmfidwsbvxicderipehuq/Build/Products/Debug -filelist /Users/michaelqiu/Library/Developer/Xcode/DerivedData/SpaceSwitcher-beofylnrmfidwsbvxicderipehuq/Build/Intermediates.noindex/SpaceSwitcher.build/Debug/SpaceSwitcher.build/Objects-normal/arm64/SpaceSwitcher.LinkFileList -install_name @rpath/SpaceSwitcher.debug.dylib -Xlinker -rpath -Xlinker /usr/lib/swift -Xlinker -rpath -Xlinker @executable_path/../Frameworks -Xlinker -object_path_lto -Xlinker /Users/michaelqiu/Library/Developer/Xcode/DerivedData/SpaceSwitcher-beofylnrmfidwsbvxicderipehuq/Build/Intermediates.noindex/SpaceSwitcher.build/Debug/SpaceSwitcher.build/Objects-normal/arm64/SpaceSwitcher_lto.o -rdynamic -Xlinker -no_deduplicate -Xlinker -dependency_info -Xlinker /Users/michaelqiu/Library/Developer/Xcode/DerivedData/SpaceSwitcher-beofylnrmfidwsbvxicderipehuq/Build/Intermediates.noindex/SpaceSwitcher.build/Debug/SpaceSwitcher.build/Objects-normal/arm64/SpaceSwitcher_dependency_info.dat -fobjc-link-runtime -L/Applications/Xcode.app/Contents/Developer/Toolchains/XcodeDefault.xctoolchain/usr/lib/swift/macosx -L/usr/lib/swift -Xlinker -add_ast_path -Xlinker /Users/michaelqiu/Library/Developer/Xcode/DerivedData/SpaceSwitcher-beofylnrmfidwsbvxicderipehuq/Build/Intermediates.noindex/SpaceSwitcher.build/Debug/SpaceSwitcher.build/Objects-normal/arm64/SpaceSwitcher.swiftmodule @/Users/michaelqiu/Library/Developer/Xcode/DerivedData/SpaceSwitcher-beofylnrmfidwsbvxicderipehuq/Build/Intermediates.noindex/SpaceSwitcher.build/Debug/SpaceSwitcher.build/Objects-normal/arm64/SpaceSwitcher-linker-args.resp -Xlinker -alias -Xlinker _main -Xlinker ___debug_main_executable_dylib_entry_point -Xlinker -no_adhoc_codesign -o /Users/michaelqiu/Library/Developer/Xcode/DerivedData/SpaceSwitcher-beofylnrmfidwsbvxicderipehuq/Build/Products/Debug/SpaceSwitcher.app/Contents/MacOS/SpaceSwitcher.debug.dylib

ConstructStubExecutorLinkFileList /Users/michaelqiu/Library/Developer/Xcode/DerivedData/SpaceSwitcher-beofylnrmfidwsbvxicderipehuq/Build/Intermediates.noindex/SpaceSwitcher.build/Debug/SpaceSwitcher.build/SpaceSwitcher-ExecutorLinkFileList-normal-arm64.txt (in target 'SpaceSwitcher' from project 'SpaceSwitcher')
    cd /Users/michaelqiu/Projects/03_App_macOS/SpaceSwitcher
    construct-stub-executor-link-file-list /Users/michaelqiu/Library/Developer/Xcode/DerivedData/SpaceSwitcher-beofylnrmfidwsbvxicderipehuq/Build/Products/Debug/SpaceSwitcher.app/Contents/MacOS/SpaceSwitcher.debug.dylib /Applications/Xcode.app/Contents/Developer/Platforms/MacOSX.platform/Developer/usr/lib/libPreviewsJITStubExecutor_no_swift_entry_point.a /Applications/Xcode.app/Contents/Developer/Platforms/MacOSX.platform/Developer/usr/lib/libPreviewsJITStubExecutor.a --output /Users/michaelqiu/Library/Developer/Xcode/DerivedData/SpaceSwitcher-beofylnrmfidwsbvxicderipehuq/Build/Intermediates.noindex/SpaceSwitcher.build/Debug/SpaceSwitcher.build/SpaceSwitcher-ExecutorLinkFileList-normal-arm64.txt
note: Using stub executor library with Swift entry point. (in target 'SpaceSwitcher' from project 'SpaceSwitcher')

Ld /Users/michaelqiu/Library/Developer/Xcode/DerivedData/SpaceSwitcher-beofylnrmfidwsbvxicderipehuq/Build/Products/Debug/SpaceSwitcher.app/Contents/MacOS/SpaceSwitcher normal (in target 'SpaceSwitcher' from project 'SpaceSwitcher')
    cd /Users/michaelqiu/Projects/03_App_macOS/SpaceSwitcher
    /Applications/Xcode.app/Contents/Developer/Toolchains/XcodeDefault.xctoolchain/usr/bin/clang -Xlinker -reproducible -target arm64-apple-macos13.0 -isysroot /Applications/Xcode.app/Contents/Developer/Platforms/MacOSX.platform/Developer/SDKs/MacOSX26.0.sdk -O0 -L/Users/michaelqiu/Library/Developer/Xcode/DerivedData/SpaceSwitcher-beofylnrmfidwsbvxicderipehuq/Build/Products/Debug -F/Users/michaelqiu/Library/Developer/Xcode/DerivedData/SpaceSwitcher-beofylnrmfidwsbvxicderipehuq/Build/Products/Debug -Xlinker -rpath -Xlinker @executable_path -Xlinker -rpath -Xlinker @executable_path/../Frameworks -rdynamic -Xlinker -no_deduplicate -e ___debug_blank_executor_main -Xlinker -sectcreate -Xlinker __TEXT -Xlinker __debug_dylib -Xlinker /Users/michaelqiu/Library/Developer/Xcode/DerivedData/SpaceSwitcher-beofylnrmfidwsbvxicderipehuq/Build/Intermediates.noindex/SpaceSwitcher.build/Debug/SpaceSwitcher.build/SpaceSwitcher-DebugDylibPath-normal-arm64.txt -Xlinker -sectcreate -Xlinker __TEXT -Xlinker __debug_instlnm -Xlinker /Users/michaelqiu/Library/Developer/Xcode/DerivedData/SpaceSwitcher-beofylnrmfidwsbvxicderipehuq/Build/Intermediates.noindex/SpaceSwitcher.build/Debug/SpaceSwitcher.build/SpaceSwitcher-DebugDylibInstallName-normal-arm64.txt -Xlinker -filelist -Xlinker /Users/michaelqiu/Library/Developer/Xcode/DerivedData/SpaceSwitcher-beofylnrmfidwsbvxicderipehuq/Build/Intermediates.noindex/SpaceSwitcher.build/Debug/SpaceSwitcher.build/SpaceSwitcher-ExecutorLinkFileList-normal-arm64.txt /Users/michaelqiu/Library/Developer/Xcode/DerivedData/SpaceSwitcher-beofylnrmfidwsbvxicderipehuq/Build/Products/Debug/SpaceSwitcher.app/Contents/MacOS/SpaceSwitcher.debug.dylib -Xlinker -no_adhoc_codesign -o /Users/michaelqiu/Library/Developer/Xcode/DerivedData/SpaceSwitcher-beofylnrmfidwsbvxicderipehuq/Build/Products/Debug/SpaceSwitcher.app/Contents/MacOS/SpaceSwitcher

LinkAssetCatalog /Users/michaelqiu/Projects/03_App_macOS/SpaceSwitcher/SpaceSwitcher/Assets.xcassets /Users/michaelqiu/Projects/03_App_macOS/SpaceSwitcher/SpaceSwitcher/SpaceSwitcherIcon.icon (in target 'SpaceSwitcher' from project 'SpaceSwitcher')
    cd /Users/michaelqiu/Projects/03_App_macOS/SpaceSwitcher
    builtin-linkAssetCatalog --thinned /Users/michaelqiu/Library/Developer/Xcode/DerivedData/SpaceSwitcher-beofylnrmfidwsbvxicderipehuq/Build/Intermediates.noindex/SpaceSwitcher.build/Debug/SpaceSwitcher.build/assetcatalog_output/thinned --thinned-dependencies /Users/michaelqiu/Library/Developer/Xcode/DerivedData/SpaceSwitcher-beofylnrmfidwsbvxicderipehuq/Build/Intermediates.noindex/SpaceSwitcher.build/Debug/SpaceSwitcher.build/assetcatalog_dependencies_thinned --thinned-info-plist-content /Users/michaelqiu/Library/Developer/Xcode/DerivedData/SpaceSwitcher-beofylnrmfidwsbvxicderipehuq/Build/Intermediates.noindex/SpaceSwitcher.build/Debug/SpaceSwitcher.build/assetcatalog_generated_info.plist_thinned --unthinned /Users/michaelqiu/Library/Developer/Xcode/DerivedData/SpaceSwitcher-beofylnrmfidwsbvxicderipehuq/Build/Intermediates.noindex/SpaceSwitcher.build/Debug/SpaceSwitcher.build/assetcatalog_output/unthinned --unthinned-dependencies /Users/michaelqiu/Library/Developer/Xcode/DerivedData/SpaceSwitcher-beofylnrmfidwsbvxicderipehuq/Build/Intermediates.noindex/SpaceSwitcher.build/Debug/SpaceSwitcher.build/assetcatalog_dependencies_unthinned --unthinned-info-plist-content /Users/michaelqiu/Library/Developer/Xcode/DerivedData/SpaceSwitcher-beofylnrmfidwsbvxicderipehuq/Build/Intermediates.noindex/SpaceSwitcher.build/Debug/SpaceSwitcher.build/assetcatalog_generated_info.plist_unthinned --output /Users/michaelqiu/Library/Developer/Xcode/DerivedData/SpaceSwitcher-beofylnrmfidwsbvxicderipehuq/Build/Products/Debug/SpaceSwitcher.app/Contents/Resources --plist-output /Users/michaelqiu/Library/Developer/Xcode/DerivedData/SpaceSwitcher-beofylnrmfidwsbvxicderipehuq/Build/Intermediates.noindex/SpaceSwitcher.build/Debug/SpaceSwitcher.build/assetcatalog_generated_info.plist
note: Emplaced /Users/michaelqiu/Library/Developer/Xcode/DerivedData/SpaceSwitcher-beofylnrmfidwsbvxicderipehuq/Build/Products/Debug/SpaceSwitcher.app/Contents/Resources/SpaceSwitcherIcon.icns (in target 'SpaceSwitcher' from project 'SpaceSwitcher')
note: Emplaced /Users/michaelqiu/Library/Developer/Xcode/DerivedData/SpaceSwitcher-beofylnrmfidwsbvxicderipehuq/Build/Products/Debug/SpaceSwitcher.app/Contents/Resources/Assets.car (in target 'SpaceSwitcher' from project 'SpaceSwitcher')

ProcessInfoPlistFile /Users/michaelqiu/Library/Developer/Xcode/DerivedData/SpaceSwitcher-beofylnrmfidwsbvxicderipehuq/Build/Products/Debug/SpaceSwitcher.app/Contents/Info.plist /Users/michaelqiu/Library/Developer/Xcode/DerivedData/SpaceSwitcher-beofylnrmfidwsbvxicderipehuq/Build/Intermediates.noindex/SpaceSwitcher.build/Debug/SpaceSwitcher.build/empty-SpaceSwitcher.plist (in target 'SpaceSwitcher' from project 'SpaceSwitcher')
    cd /Users/michaelqiu/Projects/03_App_macOS/SpaceSwitcher
    builtin-infoPlistUtility /Users/michaelqiu/Library/Developer/Xcode/DerivedData/SpaceSwitcher-beofylnrmfidwsbvxicderipehuq/Build/Intermediates.noindex/SpaceSwitcher.build/Debug/SpaceSwitcher.build/empty-SpaceSwitcher.plist -producttype com.apple.product-type.application -genpkginfo /Users/michaelqiu/Library/Developer/Xcode/DerivedData/SpaceSwitcher-beofylnrmfidwsbvxicderipehuq/Build/Products/Debug/SpaceSwitcher.app/Contents/PkgInfo -expandbuildsettings -platform macosx -additionalcontentfile /Users/michaelqiu/Library/Developer/Xcode/DerivedData/SpaceSwitcher-beofylnrmfidwsbvxicderipehuq/Build/Intermediates.noindex/SpaceSwitcher.build/Debug/SpaceSwitcher.build/assetcatalog_generated_info.plist -o /Users/michaelqiu/Library/Developer/Xcode/DerivedData/SpaceSwitcher-beofylnrmfidwsbvxicderipehuq/Build/Products/Debug/SpaceSwitcher.app/Contents/Info.plist

ExtractAppIntentsMetadata (in target 'SpaceSwitcher' from project 'SpaceSwitcher')
    cd /Users/michaelqiu/Projects/03_App_macOS/SpaceSwitcher
    /Applications/Xcode.app/Contents/Developer/Toolchains/XcodeDefault.xctoolchain/usr/bin/appintentsmetadataprocessor --toolchain-dir /var/run/com.apple.security.cryptexd/mnt/com.apple.MobileAsset.MetalToolchain-v17.1.321.0.zBRQZ2/Metal.xctoolchain --module-name SpaceSwitcher --sdk-root /Applications/Xcode.app/Contents/Developer/Platforms/MacOSX.platform/Developer/SDKs/MacOSX26.0.sdk --xcode-version 17A321 --platform-family macOS --deployment-target 13.0 --bundle-identifier michaelqiu.SpaceSwitcher --output /Users/michaelqiu/Library/Developer/Xcode/DerivedData/SpaceSwitcher-beofylnrmfidwsbvxicderipehuq/Build/Products/Debug/SpaceSwitcher.app/Contents/Resources --target-triple arm64-apple-macos13.0 --binary-file /Users/michaelqiu/Library/Developer/Xcode/DerivedData/SpaceSwitcher-beofylnrmfidwsbvxicderipehuq/Build/Products/Debug/SpaceSwitcher.app/Contents/MacOS/SpaceSwitcher --dependency-file /Users/michaelqiu/Library/Developer/Xcode/DerivedData/SpaceSwitcher-beofylnrmfidwsbvxicderipehuq/Build/Intermediates.noindex/SpaceSwitcher.build/Debug/SpaceSwitcher.build/Objects-normal/arm64/SpaceSwitcher_dependency_info.dat --stringsdata-file /Users/michaelqiu/Library/Developer/Xcode/DerivedData/SpaceSwitcher-beofylnrmfidwsbvxicderipehuq/Build/Intermediates.noindex/SpaceSwitcher.build/Debug/SpaceSwitcher.build/Objects-normal/arm64/ExtractedAppShortcutsMetadata.stringsdata --source-file-list /Users/michaelqiu/Library/Developer/Xcode/DerivedData/SpaceSwitcher-beofylnrmfidwsbvxicderipehuq/Build/Intermediates.noindex/SpaceSwitcher.build/Debug/SpaceSwitcher.build/Objects-normal/arm64/SpaceSwitcher.SwiftFileList --metadata-file-list /Users/michaelqiu/Library/Developer/Xcode/DerivedData/SpaceSwitcher-beofylnrmfidwsbvxicderipehuq/Build/Intermediates.noindex/SpaceSwitcher.build/Debug/SpaceSwitcher.build/SpaceSwitcher.DependencyMetadataFileList --static-metadata-file-list /Users/michaelqiu/Library/Developer/Xcode/DerivedData/SpaceSwitcher-beofylnrmfidwsbvxicderipehuq/Build/Intermediates.noindex/SpaceSwitcher.build/Debug/SpaceSwitcher.build/SpaceSwitcher.DependencyStaticMetadataFileList --swift-const-vals-list /Users/michaelqiu/Library/Developer/Xcode/DerivedData/SpaceSwitcher-beofylnrmfidwsbvxicderipehuq/Build/Intermediates.noindex/SpaceSwitcher.build/Debug/SpaceSwitcher.build/Objects-normal/arm64/SpaceSwitcher.SwiftConstValuesFileList --compile-time-extraction --deployment-aware-processing --validate-assistant-intents --no-app-shortcuts-localization
2026-04-04 19:22:37.527 appintentsmetadataprocessor[13702:276366] Starting appintentsmetadataprocessor export
2026-04-04 19:22:37.528 appintentsmetadataprocessor[13702:276366] warning: Metadata extraction skipped. No AppIntents.framework dependency found.

CopySwiftLibs /Users/michaelqiu/Library/Developer/Xcode/DerivedData/SpaceSwitcher-beofylnrmfidwsbvxicderipehuq/Build/Products/Debug/SpaceSwitcher.app (in target 'SpaceSwitcher' from project 'SpaceSwitcher')
    cd /Users/michaelqiu/Projects/03_App_macOS/SpaceSwitcher
    builtin-swiftStdLibTool --copy --verbose --sign 20C64EC2304F4119BB734268D88D935FAFF76718 --scan-executable /Users/michaelqiu/Library/Developer/Xcode/DerivedData/SpaceSwitcher-beofylnrmfidwsbvxicderipehuq/Build/Products/Debug/SpaceSwitcher.app/Contents/MacOS/SpaceSwitcher.debug.dylib --scan-folder /Users/michaelqiu/Library/Developer/Xcode/DerivedData/SpaceSwitcher-beofylnrmfidwsbvxicderipehuq/Build/Products/Debug/SpaceSwitcher.app/Contents/Frameworks --scan-folder /Users/michaelqiu/Library/Developer/Xcode/DerivedData/SpaceSwitcher-beofylnrmfidwsbvxicderipehuq/Build/Products/Debug/SpaceSwitcher.app/Contents/PlugIns --scan-folder /Users/michaelqiu/Library/Developer/Xcode/DerivedData/SpaceSwitcher-beofylnrmfidwsbvxicderipehuq/Build/Products/Debug/SpaceSwitcher.app/Contents/Library/SystemExtensions --scan-folder /Users/michaelqiu/Library/Developer/Xcode/DerivedData/SpaceSwitcher-beofylnrmfidwsbvxicderipehuq/Build/Products/Debug/SpaceSwitcher.app/Contents/Extensions --platform macosx --toolchain /var/run/com.apple.security.cryptexd/mnt/com.apple.MobileAsset.MetalToolchain-v17.1.321.0.zBRQZ2/Metal.xctoolchain --toolchain /Applications/Xcode.app/Contents/Developer/Toolchains/XcodeDefault.xctoolchain --destination /Users/michaelqiu/Library/Developer/Xcode/DerivedData/SpaceSwitcher-beofylnrmfidwsbvxicderipehuq/Build/Products/Debug/SpaceSwitcher.app/Contents/Frameworks --strip-bitcode --strip-bitcode-tool /Applications/Xcode.app/Contents/Developer/Toolchains/XcodeDefault.xctoolchain/usr/bin/bitcode_strip --emit-dependency-info /Users/michaelqiu/Library/Developer/Xcode/DerivedData/SpaceSwitcher-beofylnrmfidwsbvxicderipehuq/Build/Intermediates.noindex/SpaceSwitcher.build/Debug/SpaceSwitcher.build/SwiftStdLibToolInputDependencies.dep --filter-for-swift-os --back-deploy-swift-span

CodeSign /Users/michaelqiu/Library/Developer/Xcode/DerivedData/SpaceSwitcher-beofylnrmfidwsbvxicderipehuq/Build/Products/Debug/SpaceSwitcher.app/Contents/MacOS/SpaceSwitcher.debug.dylib (in target 'SpaceSwitcher' from project 'SpaceSwitcher')
    cd /Users/michaelqiu/Projects/03_App_macOS/SpaceSwitcher
    
    Signing Identity:     "Apple Development: altmickymike@outlook.com (S3R6RR5WQ6)"
    
    /usr/bin/codesign --force --sign 20C64EC2304F4119BB734268D88D935FAFF76718 --timestamp\=none --generate-entitlement-der /Users/michaelqiu/Library/Developer/Xcode/DerivedData/SpaceSwitcher-beofylnrmfidwsbvxicderipehuq/Build/Products/Debug/SpaceSwitcher.app/Contents/MacOS/SpaceSwitcher.debug.dylib

CodeSign /Users/michaelqiu/Library/Developer/Xcode/DerivedData/SpaceSwitcher-beofylnrmfidwsbvxicderipehuq/Build/Products/Debug/SpaceSwitcher.app/Contents/MacOS/__preview.dylib (in target 'SpaceSwitcher' from project 'SpaceSwitcher')
    cd /Users/michaelqiu/Projects/03_App_macOS/SpaceSwitcher
    
    Signing Identity:     "Apple Development: altmickymike@outlook.com (S3R6RR5WQ6)"
    
    /usr/bin/codesign --force --sign 20C64EC2304F4119BB734268D88D935FAFF76718 --timestamp\=none --generate-entitlement-der /Users/michaelqiu/Library/Developer/Xcode/DerivedData/SpaceSwitcher-beofylnrmfidwsbvxicderipehuq/Build/Products/Debug/SpaceSwitcher.app/Contents/MacOS/__preview.dylib

CodeSign /Users/michaelqiu/Library/Developer/Xcode/DerivedData/SpaceSwitcher-beofylnrmfidwsbvxicderipehuq/Build/Products/Debug/SpaceSwitcher.app (in target 'SpaceSwitcher' from project 'SpaceSwitcher')
    cd /Users/michaelqiu/Projects/03_App_macOS/SpaceSwitcher
    
    Signing Identity:     "Apple Development: altmickymike@outlook.com (S3R6RR5WQ6)"
    
    /usr/bin/codesign --force --sign 20C64EC2304F4119BB734268D88D935FAFF76718 --entitlements /Users/michaelqiu/Library/Developer/Xcode/DerivedData/SpaceSwitcher-beofylnrmfidwsbvxicderipehuq/Build/Intermediates.noindex/SpaceSwitcher.build/Debug/SpaceSwitcher.build/SpaceSwitcher.app.xcent --timestamp\=none --generate-entitlement-der /Users/michaelqiu/Library/Developer/Xcode/DerivedData/SpaceSwitcher-beofylnrmfidwsbvxicderipehuq/Build/Products/Debug/SpaceSwitcher.app

RegisterExecutionPolicyException /Users/michaelqiu/Library/Developer/Xcode/DerivedData/SpaceSwitcher-beofylnrmfidwsbvxicderipehuq/Build/Products/Debug/SpaceSwitcher.app (in target 'SpaceSwitcher' from project 'SpaceSwitcher')
    cd /Users/michaelqiu/Projects/03_App_macOS/SpaceSwitcher
    builtin-RegisterExecutionPolicyException /Users/michaelqiu/Library/Developer/Xcode/DerivedData/SpaceSwitcher-beofylnrmfidwsbvxicderipehuq/Build/Products/Debug/SpaceSwitcher.app

Validate /Users/michaelqiu/Library/Developer/Xcode/DerivedData/SpaceSwitcher-beofylnrmfidwsbvxicderipehuq/Build/Products/Debug/SpaceSwitcher.app (in target 'SpaceSwitcher' from project 'SpaceSwitcher')
    cd /Users/michaelqiu/Projects/03_App_macOS/SpaceSwitcher
    builtin-validationUtility /Users/michaelqiu/Library/Developer/Xcode/DerivedData/SpaceSwitcher-beofylnrmfidwsbvxicderipehuq/Build/Products/Debug/SpaceSwitcher.app -no-validate-extension -infoplist-subpath Contents/Info.plist

RegisterWithLaunchServices /Users/michaelqiu/Library/Developer/Xcode/DerivedData/SpaceSwitcher-beofylnrmfidwsbvxicderipehuq/Build/Products/Debug/SpaceSwitcher.app (in target 'SpaceSwitcher' from project 'SpaceSwitcher')
    cd /Users/michaelqiu/Projects/03_App_macOS/SpaceSwitcher
    /System/Library/Frameworks/CoreServices.framework/Versions/Current/Frameworks/LaunchServices.framework/Versions/Current/Support/lsregister -f -R -trusted /Users/michaelqiu/Library/Developer/Xcode/DerivedData/SpaceSwitcher-beofylnrmfidwsbvxicderipehuq/Build/Products/Debug/SpaceSwitcher.app

Touch /Users/michaelqiu/Library/Developer/Xcode/DerivedData/SpaceSwitcher-beofylnrmfidwsbvxicderipehuq/Build/Products/Debug/SpaceSwitcher.app (in target 'SpaceSwitcher' from project 'SpaceSwitcher')
    cd /Users/michaelqiu/Projects/03_App_macOS/SpaceSwitcher
    /usr/bin/touch -c /Users/michaelqiu/Library/Developer/Xcode/DerivedData/SpaceSwitcher-beofylnrmfidwsbvxicderipehuq/Build/Products/Debug/SpaceSwitcher.app

** BUILD SUCCEEDED **

